Errata
Created as a text file
Will hold logs and adds


amnesia@amnesia:~/Persistent/Git/Repositories/Git_Education$ git remote
origin
amnesia@amnesia:~/Persistent/Git/Repositories/Git_Education$ git remote -v
origin	https://github.com/SteveN5QC/Git_Education.git (fetch)
origin	https://github.com/SteveN5QC/Git_Education.git (push)
amnesia@amnesia:~/Persistent/Git/Repositories/Git_Education$ git push origin Forgetful
error: src refspec Forgetful does not match any
error: failed to push some refs to 'https://github.com/SteveN5QC/Git_Education.git'
amnesia@amnesia:~/Persistent/Git/Repositories/Git_Education$ git push origin HP_D
error: src refspec HP_D does not match any
error: failed to push some refs to 'https://github.com/SteveN5QC/Git_Education.git'
amnesia@amnesia:~/Persistent/Git/Repositories/Git_Education$ git push origin main
Username for 'https://github.com': SteveN5QC
Password for 'https://SteveN5QC@github.com': 
remote: Support for password authentication was removed on August 13, 2021.
remote: Please see https://docs.github.com/get-started/getting-started-with-git/about-remote-repositories#cloning-with-https-urls for information on currently recommended modes of authentication.
fatal: Authentication failed for 'https://github.com/SteveN5QC/Git_Education.git/'
amnesia@amnesia:~/Persistent/Git/Repositories/Git_Education$ 

NEXT:  
1. Upload to Forgetful via Web -- COMPLETE
2. Try Archiving and Re-Starting by new clone -- COMPLETE
3. Create Open Issues List -->  Start with Authentication and Working on Branches -- COMPLETE


Create Notes

https://github.com/SteveN5QC/Arduino.git
https://github.com/SteveN5QC/Python.git

Exercise:  Maint

Create New Repository on Command Line:

echo "# Arduino" >> README.md
git init
git add README.md
git commit -m "first commit"
git branch -M main
git remote add origin https://github.com/SteveN5QC/Arduino.git
git push -u origin main


Push an existing repository from command line

git remote add origin https://github.com/SteveN5QC/Arduino.git
git branch -M main
git push -u origin main


